npm warn Unknown env config "http-proxy". This will stop working in the next major version of npm.

> composed-workbench@0.0.0 test
> node --test exp/cooperative/*.test.mjs exp/adversarial/*.test.mjs scripts/evaluator-identity.test.mjs scripts/hh-built-imports.test.mjs exp/atlas/*.test.mjs

✔ mount is inert and completion after navigation only updates a later Atlas mount (18.132972ms)
✔ failed pending invocation survives navigation; replay uses the same session and reset clears it (1.259317ms)
✔ invalid model control is rejected before invoking the runtime (0.755931ms)
✔ original composition switches the active result and keeps replay on the same session (0.924401ms)
✔ hash is SHA-256 over exact bytes and UTF-8 strings (39.958045ms)
✔ snapshot is deterministic and carries output/source integrity metadata (50.708991ms)
✔ buildSnapshot accepts explicit prior baseline and reports unaffected outputs reused (81.89768ms)
✔ declared dependency edits rebuild transitive closure and preserve unrelated branches (15.93355ms)
✔ patch round trip handles additions, deletions, UTF-8, binary, zero bytes, and patch chains (50.784317ms)
✔ patch is exact-baseline-bound and rejects wrong project or modified baseline (54.15922ms)
✔ patch validation rejects malformed, duplicate, traversal, absolute, and tampered operations atomically (57.627141ms)
✔ project graph rejects missing dependencies, cycles, duplicate outputs, and unsafe paths (8.881135ms)
✔ snapshot metadata tampering is rejected even when the output bytes appear unchanged (64.147277ms)
✔ packed snapshot delivery deduplicates exact byte payloads and round-trips losslessly (17.088561ms)
✔ tampered or missing packed payloads fail ordinary snapshot hash validation (5.290671ms)
✔ seeded adversarial requests replay exactly through real fast-check and stay in each supplied range (227.295311ms)
✔ a raw select Calculation rejects a candidate Part paired with different bounds (4.077125ms)
✔ candidate, selection, CSS, and kept outputs stay attached to exact visible PxC receipts (13.086022ms)
✔ invalid seeds, bounds, selections, and forged saved records reject without adding outputs (5.570375ms)
✔ keep/export/JSON restore re-derives CSS from the selected style and reset clears only HH style variables (2.636286ms)
✔ pinned generator metadata matches the supplied real fast-check module and artifact bytes (1.260391ms)
✔ style entry points do not expose dynamic source execution (0.797846ms)
✔ route helpers preserve only known projects and views with safe leaf paths (10.535613ms)
✔ route parser rejects decoded traversal, malformed encoding, and unsafe path syntax (0.756338ms)
✔ pin URLs remain scoped under compiled project roots (3.269699ms)
✔ Atlas is a canonical PxCube view while existing encoded leaf routes remain unchanged (1.356127ms)
✔ named Calculation is a real pinned function Part with inspectable source graph and actual output receipts (57.0903ms)
✔ nested composed Calculations pin dependency versions and execute through the same PxC (62.148942ms)
✔ replacement creates a new version while older nested callers stay pinned to v1 (12.271096ms)
✔ session export/import round-trip restores definitions without executing them, then explicit invocation works (42.908812ms)
✔ invalid cyclic, unresolved, duplicate, credential-bearing, and wrong-shape sessions reject atomically (23.830295ms)
✔ unsafe credential-shaped definition parameters are rejected before adding a function Part (17.45851ms)
✔ static source compiler uses explicit relative asset graph and copies source bytes literally (42.023512ms)
✔ relative link traversal is not mistaken for an in-project dependency (0.404769ms)
✔ safe interpreter uses literal independent arithmetic and charges all bindings (5.824406ms)
✔ complete parser rejects unsafe syntax, hidden branches, overflow, names and reserved bindings (2.140365ms)
✔ motion fitting and Beta/Boolean behavior preserve three-piece Python fixture (1.739701ms)
✔ DAG preflight permits multiple roots and rejects cycles, reference and namespace mistakes before bodies (27.421721ms)
✔ live bounded search matches Python fixture behavior and genuinely prunes retained failures (500.001726ms)
✔ acceptance requires strict size, zero failures and all declared cases without Beta (0.661936ms)
✔ counterexamples and final composition close over actual inputs and implementation Parts (359.752087ms)
✔ same session replay memoizes real bodies while kernel still makes receipts; changed model invalidates (474.300593ms)
✔ registry replacement invalidates cached implementation bodies and export snapshots are isolated (2.589045ms)
✔ optional live composition distinguishes good model, wrong model and policy-only cache invalidation (15.575284ms)
✔ actual computed source identities bind implementation Parts and every calculation producer (171.332055ms)
✔ declared __proto__ output remains an actual own output binding through compilation and execution (2.129863ms)
✔ motion fit subtracts each large position before accumulating displacement (0.279319ms)
✔ durable recipe export roundtrips literal source Parts in a fresh runtime without receipts or shared mutation (262.41274ms)
✔ enable dispatch transitions hidden to visible and emits a geometry-backed marker tree (112.242967ms)
✔ disable dispatch transitions visible to hidden and hides all issue markers (15.521898ms)
✔ seek is a pure projection over current state and creates only a projection receipt (12.387055ms)
✔ events, transitions, projection and the composed wrapper are real PxC function Parts (4.475655ms)
✔ contract composition accepts nested same-shape FGs and rejects incompatible tagged ports (4.289757ms)
✔ dispatch rejects unsupported event tags and unknown measured issue IDs (1.484261ms)
✔ self-hosted browser bundle matches the exact pinned npm package bytes (5.755574ms)
✔ six seeded style candidates stay within explicit bounds and retain real PxC source receipts (9.881445ms)
✔ select, CSS-variable, and keep Calculations form a fixed inspectable chain (2.304262ms)
✔ rejects unsafe seeds, bounds, selections, and CSS values without changing the target (2.309655ms)
✔ style experiments preserve fixture teacher state and do not call any HH service (5.725389ms)
✔ exposes each HH fixture service as a real kernel Part and receipt (8.70262ms)
✔ runs a multi-stage school search through the HH service ports (9.668442ms)
✔ composes registration, approval, demo login, profile creation and public read (7.148152ms)
✔ supports separated approval/login, profile publication and directory reads (3.985701ms)
✔ rejects credential-shaped inputs before creating a request Part (4.039332ms)
✔ serializes concurrent calls and keeps receipts paired with their actual results (0.852217ms)
✔ reports missing composition references with a real failed kernel receipt (1.539005ms)
✔ defines and invokes a reusable Calculation Part using editable parameter bindings (8.017573ms)
✔ nests a named Calculation inside a larger output-to-input composition with real inner receipts (4.922026ms)
✔ requires explicit replace and pins existing dependents to the prior Calculation version (17.810878ms)
✔ rejects undeclared inputs and cyclic imports before adding any Parts (1.527971ms)
✔ exports and atomically imports data-only graph source, then replays it (8.422003ms)
✔ audit/navigation/caption-only changes preserve exact executed evaluator closure and prior session pin (7.441397ms)
✔ real evaluator calculation dependency changes invalidate prior implementation pin (30.255651ms)
✔ built HH entry resolves its local module imports (15.944845ms)
ℹ tests 74
ℹ suites 0
ℹ pass 74
ℹ fail 0
ℹ cancelled 0
ℹ skipped 0
ℹ todo 0
ℹ duration_ms 2251.839713
