neat check: 13 item schemas valid
tidy: registry schema checked
launcher: 12 shipped, 0 failed
run: 2026-10-02T21-17-05-821Z-83e7e8ae
neat check: 13 item schemas valid
tidy: registry schema checked
launcher: 12 shipped, 0 failed
run: 2026-10-02T21-17-13-467Z-4d624473
{
  "schema": "existing-crisp-delta-proof@1",
  "sourceChange": "experiences/hello/index.html",
  "sourceChangeBytes": 46,
  "changedPackageKeys": [
    "hello"
  ],
  "reusedPackageKeys": [
    "build-bag",
    "create-graphics",
    "explore-shelf",
    "export-graphics",
    "gameboy",
    "mock-smoke",
    "on-course",
    "snake",
    "upload-disc-to-shelf",
    "upload-disc-to-shelf-delta",
    "your-shelf"
  ],
  "baseDigest": "22c2e04d47a579f57f261f91b656e47de87eab92e55eb2d65af1675bd31c5bbf",
  "targetDigest": "327e5a815e0c902022de959594b00a38a84bdf38f58fdb0cc5253872084a7690",
  "cleanDigest": "327e5a815e0c902022de959594b00a38a84bdf38f58fdb0cc5253872084a7690",
  "exactCompiledEquality": true,
  "rebuilt": [
    "hello"
  ],
  "reused": [
    "build-bag",
    "create-graphics",
    "explore-shelf",
    "export-graphics",
    "gameboy",
    "mock-smoke",
    "on-course",
    "snake",
    "upload-disc-to-shelf",
    "upload-disc-to-shelf-delta",
    "your-shelf"
  ],
  "ops": [
    {
      "path": "experiences/hello/index.html",
      "kind": "splice",
      "beforeSha256": "130311678ebbd422e41f93a0653ff118fbc4eb4c4e8794c0899c3000d2320bc6",
      "afterSha256": "75d75bbc86a6921ff8db15a4288e44c7440486a9b0f84e99fc6524eb0bf7d4c0",
      "bytes": 1683,
      "start": 1637,
      "deleteCount": 0,
      "payloadBytes": 46
    }
  ],
  "baselineRun": "2026-10-02T21-07-49-402Z-5d815ed0",
  "candidateRun": "2026-10-02T21-17-05-821Z-83e7e8ae",
  "cleanRun": "2026-10-02T21-17-13-467Z-4d624473",
  "boundary": "Equality covers every crisp testified compiled chunk across all 13 experiences. Attempt IDs and generated launcher provenance are intentionally separate, not claimed deterministic."
}
