(node:6) ExperimentalWarning: stripTypeScriptTypes is an experimental feature and might change at any time
(Use `node --trace-warnings ...` to show where the warning was created)
neat check: 13 item schemas valid
tidy: registry schema checked
launcher: 12 shipped, 0 failed
run: 2026-10-02T21-07-49-402Z-5d815ed0
{
  "site": "/workspace/scratch/acdc354f2dcd/composed-workbench/sources/pxcube/.pxcube/runs/2026-10-02T21-07-49-402Z-5d815ed0/site",
  "results": [
    {
      "id": "build-bag",
      "ok": true
    },
    {
      "id": "create-graphics",
      "ok": true
    },
    {
      "id": "explore-shelf",
      "ok": true
    },
    {
      "id": "export-graphics",
      "ok": true
    },
    {
      "id": "gameboy",
      "ok": true
    },
    {
      "id": "hello",
      "ok": true
    },
    {
      "id": "mock-smoke",
      "ok": true
    },
    {
      "id": "on-course",
      "ok": true
    },
    {
      "id": "snake",
      "ok": true
    },
    {
      "id": "upload-disc-to-shelf",
      "ok": true
    },
    {
      "id": "upload-disc-to-shelf-delta",
      "ok": true
    },
    {
      "id": "your-shelf",
      "ok": true
    }
  ]
}
